.\.venv\Scripts\python.exe : Traceback (most recent call last):
At line:1 char:1
+ .\.venv\Scripts\python.exe main.py 2>&1 | Tee-Object -FilePath test_o ...
+ ~~~~~~~~~~~~~~~~~~~~~~~~~~~~~~~~~~~~~~~
    + CategoryInfo          : NotSpecified: (Traceback (most recent call last) 
   ::String) [], RemoteException
    + FullyQualifiedErrorId : NativeCommandError
 
  File "D:\codes\codes\scanner\dashboard.py", line 444, in run_quick_scan
    QMessageBox.information(self, "Quick Scan", "Initiating comprehensive 
system scan...\nThis may take several minutes.")
    ^^^^^^^^^^^
NameError: name 'QMessageBox' is not defined
